org.opentripplanner.routing.algorithm.mapping.CarSnapshotTest.directCarPark=[
  [
    {
      "arrivedAtDestinationWithRentedBicycle": false,
      "duration": 253,
      "elevationGained": 0.0,
      "elevationLost": 0.0,
      "endTime": "2009-10-21T23:14:13.000+00:00",
      "fare": {
        "details": { },
        "fare": { }
      },
      "generalizedCost": 467,
      "legs": [
        {
          "agencyTimeZoneOffset": -25200000,
          "arrivalDelay": 0,
          "departureDelay": 0,
          "distance": 181.36,
          "endTime": "2009-10-21T23:10:44.000+00:00",
          "from": {
            "departure": "2009-10-21T23:10:00.000+00:00",
            "lat": 45.53261,
            "lon": -122.70075,
            "name": "NW Pettygrove Ave. & NW 24th Ave. (P1)",
            "vertexType": "NORMAL"
          },
          "generalizedCost": 61,
          "interlineWithPreviousLeg": false,
          "legGeometry": {
            "length": 5,
            "points": "ya|tGv~{kV??nCEB|Dn@@"
          },
          "mode": "CAR",
          "pathway": false,
          "realTime": false,
          "rentedBike": false,
          "route": "",
          "startTime": "2009-10-21T23:10:00.000+00:00",
          "steps": [
            {
              "absoluteDirection": "WEST",
              "area": false,
              "bogusName": false,
              "distance": 0.72,
              "edges": [
                "from: null, to: null, props: {}"
              ],
              "elevation": "",
              "lat": 45.5326129,
              "lon": -122.7007501,
              "relativeDirection": "DEPART",
              "stayOn": false,
              "streetName": "Northwest Pettygrove Street",
              "walkingBike": false
            },
            {
              "absoluteDirection": "SOUTH",
              "area": false,
              "bogusName": false,
              "distance": 80.22,
              "edges": [
                "from: {osm:node:40518456 lat,lng=45.5326127,-122.7007593}, to: {osm:node:40601548 lat,lng=45.5318916,-122.70072830000001}, props: {highway: residential, }"
              ],
              "elevation": "",
              "highway": "residential",
              "lat": 45.5326127,
              "lon": -122.7007593,
              "relativeDirection": "LEFT",
              "stayOn": false,
              "streetName": "Northwest 24th Avenue",
              "walkingBike": false
            },
            {
              "absoluteDirection": "WEST",
              "area": false,
              "bogusName": false,
              "distance": 74.04,
              "edges": [
                "from: {osm:node:40601548 lat,lng=45.5318916,-122.70072830000001}, to: {osm:node:-102439 lat,lng=45.5318763,-122.70167860000001}, props: {highway: residential, }"
              ],
              "elevation": "",
              "highway": "residential",
              "lat": 45.5318916,
              "lon": -122.7007283,
              "relativeDirection": "RIGHT",
              "stayOn": false,
              "streetName": "Northwest Overton Street",
              "walkingBike": false
            },
            {
              "absoluteDirection": "SOUTH",
              "area": false,
              "bogusName": true,
              "distance": 26.38,
              "edges": [
                "from: {osm:node:-102439 lat,lng=45.5318763,-122.70167860000001}, to: {osm:node:-102438 lat,lng=45.5316391,-122.7016859}, props: {}"
              ],
              "elevation": "",
              "lat": 45.5318763,
              "lon": -122.7016786,
              "relativeDirection": "LEFT",
              "stayOn": false,
              "streetName": "service road",
              "walkingBike": false
            }
          ],
          "to": {
            "arrival": "2009-10-21T23:10:44.000+00:00",
            "departure": "2009-10-21T23:10:44.000+00:00",
            "lat": 45.5316391,
            "lon": -122.7016859,
            "name": "P+R (#2)",
            "vehicleParking": {
              "entranceId": "OSM:OSMWay/-102488/osm:node:-102438",
              "entranceName": "P+R (#2)",
              "hasAnyCarPlaces": true,
              "hasBicyclePlaces": false,
              "hasCarPlaces": true,
              "hasWheelchairAccessibleCarPlaces": false,
              "id": "OSM:OSMWay/-102488",
              "name": "P+R",
              "realtime": false,
              "tags": [
                "osm:amenity=parking"
              ]
            },
            "vertexType": "BIKEPARK"
          },
          "transitLeg": false,
          "walkingBike": false
        },
        {
          "agencyTimeZoneOffset": -25200000,
          "arrivalDelay": 0,
          "departureDelay": 0,
          "distance": 184.06,
          "endTime": "2009-10-21T23:14:13.000+00:00",
          "from": {
            "arrival": "2009-10-21T23:10:44.000+00:00",
            "departure": "2009-10-21T23:10:44.000+00:00",
            "lat": 45.5314019,
            "lon": -122.7016931,
            "name": "P+R (#1)",
            "vehicleParking": {
              "entranceId": "OSM:OSMWay/-102488/osm:node:-102437",
              "entranceName": "P+R (#1)",
              "hasAnyCarPlaces": true,
              "hasBicyclePlaces": false,
              "hasCarPlaces": true,
              "hasWheelchairAccessibleCarPlaces": false,
              "id": "OSM:OSMWay/-102488",
              "name": "P+R",
              "realtime": false,
              "tags": [
                "osm:amenity=parking"
              ]
            },
            "vertexType": "BIKEPARK"
          },
          "generalizedCost": 285,
          "interlineWithPreviousLeg": false,
          "legGeometry": {
            "length": 5,
            "points": "gz{tGrd|kVn@@CgElCEB?"
          },
          "mode": "WALK",
          "pathway": false,
          "realTime": false,
          "rentedBike": false,
          "route": "",
          "startTime": "2009-10-21T23:10:44.000+00:00",
          "steps": [
            {
              "absoluteDirection": "SOUTH",
              "area": false,
              "bogusName": true,
              "distance": 26.38,
              "edges": [
                "from: {osm:node:-102437 lat,lng=45.531401900000006,-122.70169310000001}, to: {osm:node:-102436 lat,lng=45.531164700000005,-122.70170040000001}, props: {highway: footway, }"
              ],
              "elevation": "",
              "highway": "footway",
              "lat": 45.5314019,
              "lon": -122.7016931,
              "relativeDirection": "CONTINUE",
              "stayOn": false,
              "streetName": "path",
              "walkingBike": false
            },
            {
              "absoluteDirection": "EAST",
              "area": false,
              "bogusName": false,
              "distance": 77.46,
              "edges": [
                "from: {osm:node:-102436 lat,lng=45.531164700000005,-122.70170040000001}, to: {osm:node:40677827 lat,lng=45.531181000000004,-122.70070630000001}, props: {highway: residential, }"
              ],
              "elevation": "",
              "highway": "residential",
              "lat": 45.5311647,
              "lon": -122.7017004,
              "relativeDirection": "LEFT",
              "stayOn": false,
              "streetName": "Northwest Northrup Street",
              "walkingBike": false
            },
            {
              "absoluteDirection": "SOUTH",
              "area": false,
              "bogusName": false,
              "distance": 80.22,
              "edges": [
                "from: {osm:node:40677827 lat,lng=45.531181000000004,-122.70070630000001}, to: {osm:node:40677822 lat,lng=45.530474100000006,-122.70067780000001}, props: {highway: residential, }",
                "from: null, to: null, props: {}"
              ],
              "elevation": "",
              "highway": "residential",
              "lat": 45.531181,
              "lon": -122.7007063,
              "relativeDirection": "RIGHT",
              "stayOn": false,
              "streetName": "Northwest 24th Avenue",
              "walkingBike": false
            }
          ],
          "to": {
            "arrival": "2009-10-21T23:14:13.000+00:00",
            "lat": 45.53046,
            "lon": -122.70067,
            "name": "NW Marshall St. & NW 24th Ave. (P2)",
            "vertexType": "NORMAL"
          },
          "transitLeg": false,
          "walkingBike": false
        }
      ],
      "startTime": "2009-10-21T23:10:00.000+00:00",
      "tooSloped": false,
      "transfers": 0,
      "transitTime": 0,
      "waitingTime": 0,
      "walkDistance": 365.42,
      "walkLimitExceeded": false,
      "walkTime": 253
    }
  ]
]


org.opentripplanner.routing.algorithm.mapping.CarSnapshotTest.directCarPickupWithWalking=[
  [
    {
      "arrivedAtDestinationWithRentedBicycle": false,
      "duration": 414,
      "elevationGained": 0.0,
      "elevationLost": 0.0,
      "endTime": "2009-10-21T23:16:54.000+00:00",
      "fare": {
        "details": { },
        "fare": { }
      },
      "generalizedCost": 748,
      "legs": [
        {
          "agencyTimeZoneOffset": -25200000,
          "arrivalDelay": 0,
          "departureDelay": 0,
          "distance": 108.24,
          "endTime": "2009-10-21T23:11:30.000+00:00",
          "from": {
            "departure": "2009-10-21T23:10:00.000+00:00",
            "lat": 45.53335,
            "lon": -122.70517,
            "name": "Chapman Elementary School (P3)",
            "vertexType": "NORMAL"
          },
          "generalizedCost": 169,
          "interlineWithPreviousLeg": false,
          "legGeometry": {
            "length": 10,
            "points": "kf|tGjz|kVR?p@AB@@D@BTAr@_A@ILA"
          },
          "mode": "WALK",
          "pathway": false,
          "realTime": false,
          "rentedBike": false,
          "route": "",
          "startTime": "2009-10-21T23:10:00.000+00:00",
          "steps": [
            {
              "absoluteDirection": "SOUTH",
              "area": false,
              "bogusName": true,
              "distance": 108.24,
              "edges": [
                "from: null, to: null, props: {}",
                "from: {osm:node:1313818348 lat,lng=45.533243000000006,-122.70517020000001}, to: {osm:node:1315920476 lat,lng=45.5329568,-122.70522290000001}, props: {highway: footway, }",
                "from: {osm:node:1315920476 lat,lng=45.5329568,-122.70522290000001}, to: {osm:node:1313818329 lat,lng=45.5325776,-122.7048415}, props: {highway: footway, }",
                "from: {osm:node:1313818329 lat,lng=45.5325776,-122.7048415}, to: {osm:node:1313818334 lat,lng=45.5325089,-122.7048383}, props: {}"
              ],
              "elevation": "",
              "lat": 45.5333498,
              "lon": -122.7051771,
              "relativeDirection": "DEPART",
              "stayOn": false,
              "streetName": "path",
              "walkingBike": false
            }
          ],
          "to": {
            "arrival": "2009-10-21T23:11:30.000+00:00",
            "departure": "2009-10-21T23:11:30.000+00:00",
            "lat": 45.5325089,
            "lon": -122.7048383,
            "name": "corner of path and Northwest Pettygrove Street",
            "vertexType": "NORMAL"
          },
          "transitLeg": false,
          "walkingBike": false
        },
        {
          "agencyTimeZoneOffset": -25200000,
          "arrivalDelay": 0,
          "departureDelay": 0,
          "distance": 864.7,
          "endTime": "2009-10-21T23:14:43.000+00:00",
          "from": {
            "arrival": "2009-10-21T23:11:30.000+00:00",
            "departure": "2009-10-21T23:11:30.000+00:00",
            "lat": 45.5325089,
            "lon": -122.7048383,
            "name": "corner of path and Northwest Pettygrove Street",
            "vertexType": "NORMAL"
          },
          "generalizedCost": 325,
          "interlineWithPreviousLeg": false,
          "legGeometry": {
            "length": 14,
            "points": "ca|tGfx|kVASCQAcAAiEAmBImKEwKGsKlCEbCCHA@?~BC"
          },
          "mode": "CAR",
          "pathway": false,
          "realTime": false,
          "rentedBike": false,
          "route": "",
          "startTime": "2009-10-21T23:11:30.000+00:00",
          "steps": [
            {
              "absoluteDirection": "EAST",
              "area": false,
              "bogusName": false,
              "distance": 635.27,
              "edges": [
                "from: {osm:node:1313818334 lat,lng=45.5325089,-122.7048383}, to: {osm:node:40518468 lat,lng=45.532511,-122.7047378}, props: {highway: residential, }",
                "from: {osm:node:40518468 lat,lng=45.532511,-122.7047378}, to: {osm:node:40495671 lat,lng=45.532567900000004,-122.70274450000001}, props: {highway: residential, }",
                "from: {osm:node:40495671 lat,lng=45.532567900000004,-122.70274450000001}, to: {osm:node:40518456 lat,lng=45.5326127,-122.7007593}, props: {highway: residential, }",
                "from: {osm:node:40518456 lat,lng=45.5326127,-122.7007593}, to: {osm:node:40518455 lat,lng=45.532648,-122.69872000000001}, props: {highway: residential, }",
                "from: {osm:node:40518455 lat,lng=45.532648,-122.69872000000001}, to: {osm:node:40518446 lat,lng=45.5326803,-122.69669110000001}, props: {highway: residential, }"
              ],
              "elevation": "",
              "highway": "residential",
              "lat": 45.5325089,
              "lon": -122.7048383,
              "relativeDirection": "LEFT",
              "stayOn": false,
              "streetName": "Northwest Pettygrove Street",
              "walkingBike": false
            },
            {
              "absoluteDirection": "SOUTH",
              "area": false,
              "bogusName": false,
              "distance": 229.42,
              "edges": [
                "from: {osm:node:40518446 lat,lng=45.5326803,-122.69669110000001}, to: {osm:node:40601540 lat,lng=45.531974700000006,-122.6966677}, props: {highway: residential, }",
                "from: {osm:node:40601540 lat,lng=45.531974700000006,-122.6966677}, to: {osm:node:1703374687 lat,lng=45.5313121,-122.69664110000001}, props: {highway: residential, }",
                "from: {osm:node:1703374687 lat,lng=45.5313121,-122.69664110000001}, to: {osm:node:40707697 lat,lng=45.5312508,-122.69663860000001}, props: {highway: residential, }",
                "from: {osm:node:40707697 lat,lng=45.5312508,-122.69663860000001}, to: {osm:node:1367502227 lat,lng=45.5306177,-122.69661880000001}, props: {highway: residential, }"
              ],
              "elevation": "",
              "highway": "residential",
              "lat": 45.5326803,
              "lon": -122.6966911,
              "relativeDirection": "RIGHT",
              "stayOn": false,
              "streetName": "Northwest 22nd Avenue",
              "walkingBike": false
            }
          ],
          "to": {
            "arrival": "2009-10-21T23:14:43.000+00:00",
            "departure": "2009-10-21T23:14:43.000+00:00",
            "lat": 45.5306177,
            "lon": -122.6966188,
            "name": "corner of Northwest 22nd Avenue and path",
            "vertexType": "NORMAL"
          },
          "transitLeg": false,
          "walkingBike": false
        },
        {
          "agencyTimeZoneOffset": -25200000,
          "arrivalDelay": 0,
          "departureDelay": 0,
          "distance": 85.65,
          "endTime": "2009-10-21T23:16:54.000+00:00",
          "from": {
            "arrival": "2009-10-21T23:14:43.000+00:00",
            "departure": "2009-10-21T23:14:43.000+00:00",
            "lat": 45.5306177,
            "lon": -122.6966188,
            "name": "corner of Northwest 22nd Avenue and path",
            "vertexType": "NORMAL"
          },
          "generalizedCost": 253,
          "interlineWithPreviousLeg": false,
          "legGeometry": {
            "length": 12,
            "points": "iu{tGzd{kV?LAFAJ?RBX?N@^?\\B\\AX?B"
          },
          "mode": "WALK",
          "pathway": false,
          "realTime": false,
          "rentedBike": false,
          "route": "",
          "startTime": "2009-10-21T23:14:43.000+00:00",
          "steps": [
            {
              "absoluteDirection": "WEST",
              "area": false,
              "bogusName": true,
              "distance": 85.65,
              "edges": [
                "from: {osm:node:1367502227 lat,lng=45.5306177,-122.69661880000001}, to: {osm:node:1367502226 lat,lng=45.5306237,-122.6967264}, props: {surface: paved, highway: footway, }",
                "from: null, to: null, props: {}"
              ],
              "elevation": "",
              "highway": "footway",
              "lat": 45.5306177,
              "lon": -122.6966188,
              "relativeDirection": "RIGHT",
              "stayOn": false,
              "streetName": "path",
              "surface": "paved",
              "walkingBike": false
            }
          ],
          "to": {
            "arrival": "2009-10-21T23:16:54.000+00:00",
            "lat": 45.5306,
            "lon": -122.69771,
            "name": "Legacy Good Samaritan Medical Center (P4)",
            "vertexType": "NORMAL"
          },
          "transitLeg": false,
          "walkingBike": false
        }
      ],
      "startTime": "2009-10-21T23:10:00.000+00:00",
      "tooSloped": false,
      "transfers": 0,
      "transitTime": 0,
      "waitingTime": 0,
      "walkDistance": 1058.59,
      "walkLimitExceeded": false,
      "walkTime": 414
    }
  ]
]


org.opentripplanner.routing.algorithm.mapping.CarSnapshotTest.directCarPickupWithWalkingArriveBy=[
  [
    {
      "arrivedAtDestinationWithRentedBicycle": false,
      "duration": 414,
      "elevationGained": 0.0,
      "elevationLost": 0.0,
      "endTime": "2009-10-21T23:16:54.000+00:00",
      "fare": {
        "details": { },
        "fare": { }
      },
      "generalizedCost": 748,
      "legs": [
        {
          "agencyTimeZoneOffset": -25200000,
          "arrivalDelay": 0,
          "departureDelay": 0,
          "distance": 108.24,
          "endTime": "2009-10-21T23:12:38.000+00:00",
          "from": {
            "departure": "2009-10-21T23:10:00.000+00:00",
            "lat": 45.53335,
            "lon": -122.70517,
            "name": "Chapman Elementary School (P3)",
            "vertexType": "NORMAL"
          },
          "generalizedCost": 297,
          "interlineWithPreviousLeg": false,
          "legGeometry": {
            "length": 10,
            "points": "kf|tGjz|kVR?p@AB@@D@BTAr@_A@ILA"
          },
          "mode": "WALK",
          "pathway": false,
          "realTime": false,
          "rentedBike": false,
          "route": "",
          "startTime": "2009-10-21T23:10:00.000+00:00",
          "steps": [
            {
              "absoluteDirection": "SOUTH",
              "area": false,
              "bogusName": true,
              "distance": 108.24,
              "edges": [
                "from: null, to: null, props: {}",
                "from: {osm:node:1313818348 lat,lng=45.533243000000006,-122.70517020000001}, to: {osm:node:1315920476 lat,lng=45.5329568,-122.70522290000001}, props: {highway: footway, }",
                "from: {osm:node:1315920476 lat,lng=45.5329568,-122.70522290000001}, to: {osm:node:1313818329 lat,lng=45.5325776,-122.7048415}, props: {highway: footway, }",
                "from: {osm:node:1313818329 lat,lng=45.5325776,-122.7048415}, to: {osm:node:1313818334 lat,lng=45.5325089,-122.7048383}, props: {}"
              ],
              "elevation": "",
              "lat": 45.5333498,
              "lon": -122.7051771,
              "relativeDirection": "DEPART",
              "stayOn": false,
              "streetName": "path",
              "walkingBike": false
            }
          ],
          "to": {
            "arrival": "2009-10-21T23:12:38.000+00:00",
            "departure": "2009-10-21T23:12:38.000+00:00",
            "lat": 45.5325089,
            "lon": -122.7048383,
            "name": "corner of path and Northwest Pettygrove Street",
            "vertexType": "NORMAL"
          },
          "transitLeg": false,
          "walkingBike": false
        },
        {
          "agencyTimeZoneOffset": -25200000,
          "arrivalDelay": 0,
          "departureDelay": 0,
          "distance": 864.7,
          "endTime": "2009-10-21T23:15:47.000+00:00",
          "from": {
            "arrival": "2009-10-21T23:12:38.000+00:00",
            "departure": "2009-10-21T23:12:38.000+00:00",
            "lat": 45.5325089,
            "lon": -122.7048383,
            "name": "corner of path and Northwest Pettygrove Street",
            "vertexType": "NORMAL"
          },
          "generalizedCost": 321,
          "interlineWithPreviousLeg": false,
          "legGeometry": {
            "length": 14,
            "points": "ca|tGfx|kVASCQAcAAiEAmBImKEwKGsKlCEbCCHA@?~BC"
          },
          "mode": "CAR",
          "pathway": false,
          "realTime": false,
          "rentedBike": false,
          "route": "",
          "startTime": "2009-10-21T23:12:38.000+00:00",
          "steps": [
            {
              "absoluteDirection": "EAST",
              "area": false,
              "bogusName": false,
              "distance": 635.27,
              "edges": [
                "from: {osm:node:1313818334 lat,lng=45.5325089,-122.7048383}, to: {osm:node:40518468 lat,lng=45.532511,-122.7047378}, props: {highway: residential, }",
                "from: {osm:node:40518468 lat,lng=45.532511,-122.7047378}, to: {osm:node:40495671 lat,lng=45.532567900000004,-122.70274450000001}, props: {highway: residential, }",
                "from: {osm:node:40495671 lat,lng=45.532567900000004,-122.70274450000001}, to: {osm:node:40518456 lat,lng=45.5326127,-122.7007593}, props: {highway: residential, }",
                "from: {osm:node:40518456 lat,lng=45.5326127,-122.7007593}, to: {osm:node:40518455 lat,lng=45.532648,-122.69872000000001}, props: {highway: residential, }",
                "from: {osm:node:40518455 lat,lng=45.532648,-122.69872000000001}, to: {osm:node:40518446 lat,lng=45.5326803,-122.69669110000001}, props: {highway: residential, }"
              ],
              "elevation": "",
              "highway": "residential",
              "lat": 45.5325089,
              "lon": -122.7048383,
              "relativeDirection": "LEFT",
              "stayOn": false,
              "streetName": "Northwest Pettygrove Street",
              "walkingBike": false
            },
            {
              "absoluteDirection": "SOUTH",
              "area": false,
              "bogusName": false,
              "distance": 229.42,
              "edges": [
                "from: {osm:node:40518446 lat,lng=45.5326803,-122.69669110000001}, to: {osm:node:40601540 lat,lng=45.531974700000006,-122.6966677}, props: {highway: residential, }",
                "from: {osm:node:40601540 lat,lng=45.531974700000006,-122.6966677}, to: {osm:node:1703374687 lat,lng=45.5313121,-122.69664110000001}, props: {highway: residential, }",
                "from: {osm:node:1703374687 lat,lng=45.5313121,-122.69664110000001}, to: {osm:node:40707697 lat,lng=45.5312508,-122.69663860000001}, props: {highway: residential, }",
                "from: {osm:node:40707697 lat,lng=45.5312508,-122.69663860000001}, to: {osm:node:1367502227 lat,lng=45.5306177,-122.69661880000001}, props: {highway: residential, }"
              ],
              "elevation": "",
              "highway": "residential",
              "lat": 45.5326803,
              "lon": -122.6966911,
              "relativeDirection": "RIGHT",
              "stayOn": false,
              "streetName": "Northwest 22nd Avenue",
              "walkingBike": false
            }
          ],
          "to": {
            "arrival": "2009-10-21T23:15:47.000+00:00",
            "departure": "2009-10-21T23:15:47.000+00:00",
            "lat": 45.5306177,
            "lon": -122.6966188,
            "name": "corner of Northwest 22nd Avenue and path",
            "vertexType": "NORMAL"
          },
          "transitLeg": false,
          "walkingBike": false
        },
        {
          "agencyTimeZoneOffset": -25200000,
          "arrivalDelay": 0,
          "departureDelay": 0,
          "distance": 85.65,
          "endTime": "2009-10-21T23:16:54.000+00:00",
          "from": {
            "arrival": "2009-10-21T23:15:47.000+00:00",
            "departure": "2009-10-21T23:15:47.000+00:00",
            "lat": 45.5306177,
            "lon": -122.6966188,
            "name": "corner of Northwest 22nd Avenue and path",
            "vertexType": "NORMAL"
          },
          "generalizedCost": 129,
          "interlineWithPreviousLeg": false,
          "legGeometry": {
            "length": 12,
            "points": "iu{tGzd{kV?LAFAJ?RBX?N@^?\\B\\AX?B"
          },
          "mode": "WALK",
          "pathway": false,
          "realTime": false,
          "rentedBike": false,
          "route": "",
          "startTime": "2009-10-21T23:15:47.000+00:00",
          "steps": [
            {
              "absoluteDirection": "WEST",
              "area": false,
              "bogusName": true,
              "distance": 85.65,
              "edges": [
                "from: {osm:node:1367502227 lat,lng=45.5306177,-122.69661880000001}, to: {osm:node:1367502226 lat,lng=45.5306237,-122.6967264}, props: {surface: paved, highway: footway, }",
                "from: null, to: null, props: {}"
              ],
              "elevation": "",
              "highway": "footway",
              "lat": 45.5306177,
              "lon": -122.6966188,
              "relativeDirection": "RIGHT",
              "stayOn": false,
              "streetName": "path",
              "surface": "paved",
              "walkingBike": false
            }
          ],
          "to": {
            "arrival": "2009-10-21T23:16:54.000+00:00",
            "lat": 45.5306,
            "lon": -122.69771,
            "name": "Legacy Good Samaritan Medical Center (P4)",
            "vertexType": "NORMAL"
          },
          "transitLeg": false,
          "walkingBike": false
        }
      ],
      "startTime": "2009-10-21T23:10:00.000+00:00",
      "tooSloped": false,
      "transfers": 0,
      "transitTime": 0,
      "waitingTime": 0,
      "walkDistance": 1058.59,
      "walkLimitExceeded": false,
      "walkTime": 414
    }
  ]
]


org.opentripplanner.routing.algorithm.mapping.CarSnapshotTest.directCarPickupWithoutWalking=[
  [
    {
      "arrivedAtDestinationWithRentedBicycle": false,
      "duration": 49,
      "elevationGained": 0.0,
      "elevationLost": 0.0,
      "endTime": "2009-10-21T23:10:49.000+00:00",
      "fare": {
        "details": { },
        "fare": { }
      },
      "generalizedCost": 67,
      "legs": [
        {
          "agencyTimeZoneOffset": -25200000,
          "arrivalDelay": 0,
          "departureDelay": 0,
          "distance": 240.19,
          "endTime": "2009-10-21T23:10:49.000+00:00",
          "from": {
            "departure": "2009-10-21T23:10:00.000+00:00",
            "lat": 45.53261,
            "lon": -122.70075,
            "name": "NW Pettygrove Ave. & NW 24th Ave. (P1)",
            "vertexType": "NORMAL"
          },
          "generalizedCost": 67,
          "interlineWithPreviousLeg": false,
          "legGeometry": {
            "length": 6,
            "points": "ya|tGv~{kV??nCElCClCEB?"
          },
          "mode": "CAR",
          "pathway": false,
          "realTime": false,
          "rentedBike": false,
          "route": "",
          "startTime": "2009-10-21T23:10:00.000+00:00",
          "steps": [
            {
              "absoluteDirection": "WEST",
              "area": false,
              "bogusName": false,
              "distance": 0.72,
              "edges": [
                "from: null, to: null, props: {}"
              ],
              "elevation": "",
              "lat": 45.5326129,
              "lon": -122.7007501,
              "relativeDirection": "DEPART",
              "stayOn": false,
              "streetName": "Northwest Pettygrove Street",
              "walkingBike": false
            },
            {
              "absoluteDirection": "SOUTH",
              "area": false,
              "bogusName": false,
              "distance": 239.47,
              "edges": [
                "from: {osm:node:40518456 lat,lng=45.5326127,-122.7007593}, to: {osm:node:40601548 lat,lng=45.5318916,-122.70072830000001}, props: {highway: residential, }",
                "from: {osm:node:40601548 lat,lng=45.5318916,-122.70072830000001}, to: {osm:node:40677827 lat,lng=45.531181000000004,-122.70070630000001}, props: {highway: residential, }",
                "from: {osm:node:40677827 lat,lng=45.531181000000004,-122.70070630000001}, to: {osm:node:40677822 lat,lng=45.530474100000006,-122.70067780000001}, props: {highway: residential, }",
                "from: null, to: null, props: {}"
              ],
              "elevation": "",
              "highway": "residential",
              "lat": 45.5326127,
              "lon": -122.7007593,
              "relativeDirection": "LEFT",
              "stayOn": false,
              "streetName": "Northwest 24th Avenue",
              "walkingBike": false
            }
          ],
          "to": {
            "arrival": "2009-10-21T23:10:49.000+00:00",
            "lat": 45.53046,
            "lon": -122.70067,
            "name": "NW Marshall St. & NW 24th Ave. (P2)",
            "vertexType": "NORMAL"
          },
          "transitLeg": false,
          "walkingBike": false
        }
      ],
      "startTime": "2009-10-21T23:10:00.000+00:00",
      "tooSloped": false,
      "transfers": 0,
      "transitTime": 0,
      "waitingTime": 0,
      "walkDistance": 240.19,
      "walkLimitExceeded": false,
      "walkTime": 49
    }
  ]
]